This is a Own repositry program


your configuration file:

    git config --global --edit

After doing this, you may fix the identity used for this commit with:

    git commit --amend --reset-author

 1 file changed, 1 insertion(+)
 create mode 100644 Program.txt
PS C:\Users\TKRISHNA\Demo> git branch -M branch
PS C:\Users\TKRISHNA\Demo> git remote add origin https://github.com/thummalapallikrishna/DotnetDemo
PS C:\Users\TKRISHNA\Demo> git push -u origin branch1
error: src refspec branch1 does not match any
error: failed to push some refs to 'https://github.com/thummalapallikrishna/DotnetDemo'
PS C:\Users\TKRISHNA\Demo> git push -u origin branch
Enumerating objects: 3, done.
Counting objects: 100% (3/3), done.
Writing objects: 100% (3/3), 268 bytes | 67.00 KiB/s, done.
Total 3 (delta 0), reused 0 (delta 0), pack-reused 0
To https://github.com/thummalapallikrishna/DotnetDemo
 * [new branch]      branch -> branch
branch 'branch' set up to track 'origin/branch'.
PS C:\Users\TKRISHNA\Demo> git init
Reinitialized existing Git repository in C:/Users/TKRISHNA/Demo/.git/
PS C:\Users\TKRISHNA\Demo> git remote add origin https://github.com/thummalapallikrishna/DotnetDemo.git
error: remote origin already exists.
PS C:\Users\TKRISHNA\Demo> git pull https://github.com/thummalapallikrishna/DotnetDemo.git
From https://github.com/thummalapallikrishna/DotnetDemo
 * branch            HEAD       -> FETCH_HEAD
Already up to date.
